// Jest Snapshot v1, https://goo.gl/fbAQLP

exports[`renders correctly 1`] = `
<div
  className="habit-tracker"
  data-testid="Login"
>
  <header
    className="App-header"
  >
    <h1>
      Habit Tracker
    </h1>
  </header>
  <div
    className="circle"
  >
    <h2>
      A simple way to measure whether you did a habit.
    </h2>
    <ol>
      <li>
        Sign-in using Google
      </li>
      <li>
        Create a habit to track
      </li>
      <li>
        Check-in to reflect and log your progress
      </li>
      <li>
        Review your data to help along your journey
      </li>
    </ol>
    <p>
      Happy Tracking!
    </p>
    <div
      className="btn__social--list"
    >
      <button
        className="btn__social btn--google false"
        onClick={[Function]}
      >
        <img
          alt="Google logo"
          src="btn_google_dark_normal_ios.svg"
        />
        Sign in using Google
      </button>
    </div>
  </div>
  <footer
    id="footer"
  >
    <p>
      Chingu Voyage 8
      <span
        aria-label="heart emoji"
        role="img"
      >
         ❤️
      </span>
      <a
        href="https://github.com/chingu-voyages/v8-geckos-team-07"
        rel="noopener noreferrer"
        target="_blank"
      >
        Gecko Team 7 Project
      </a>
    </p>
  </footer>
</div>
`;
